
Discarded input sections

 .group         0x00000000        0xc main.o
 .group         0x00000000        0xc main.o
 .group         0x00000000        0xc main.o
 .group         0x00000000        0xc main.o
 .group         0x00000000        0xc main.o
 .group         0x00000000        0xc main.o
 .group         0x00000000        0xc main.o
 .group         0x00000000        0xc main.o
 .group         0x00000000        0xc main.o
 .group         0x00000000        0xc main.o
 .text          0x00000000        0x0 main.o
 .data          0x00000000        0x0 main.o
 .bss           0x00000000        0x0 main.o
 .group         0x00000000        0xc pwm.o
 .group         0x00000000        0xc pwm.o
 .group         0x00000000        0xc pwm.o
 .group         0x00000000        0xc pwm.o
 .group         0x00000000        0xc pwm.o
 .group         0x00000000        0xc pwm.o
 .group         0x00000000        0xc pwm.o
 .group         0x00000000        0xc pwm.o
 .group         0x00000000        0xc pwm.o
 .group         0x00000000        0xc pwm.o
 .text          0x00000000        0x0 pwm.o
 .data          0x00000000        0x0 pwm.o
 .bss           0x00000000        0x0 pwm.o
 .debug_macro   0x00000000      0xac6 pwm.o
 .debug_macro   0x00000000       0x2e pwm.o
 .debug_macro   0x00000000       0x22 pwm.o
 .debug_macro   0x00000000      0x34e pwm.o
 .debug_macro   0x00000000       0x1c pwm.o
 .debug_macro   0x00000000       0x22 pwm.o
 .debug_macro   0x00000000       0xbd pwm.o
 .debug_macro   0x00000000      0xd23 pwm.o
 .debug_macro   0x00000000     0xe09e pwm.o
 .debug_macro   0x00000000       0x6d pwm.o
 .group         0x00000000        0xc clock.o
 .group         0x00000000        0xc clock.o
 .group         0x00000000        0xc clock.o
 .group         0x00000000        0xc clock.o
 .group         0x00000000        0xc clock.o
 .group         0x00000000        0xc clock.o
 .group         0x00000000        0xc clock.o
 .group         0x00000000        0xc clock.o
 .group         0x00000000        0xc clock.o
 .group         0x00000000        0xc clock.o
 .text          0x00000000        0x0 clock.o
 .data          0x00000000        0x0 clock.o
 .bss           0x00000000        0x0 clock.o
 .text.Clock_Init_72MHz
                0x00000000       0xf8 clock.o
 .debug_info    0x00000000      0x19c clock.o
 .debug_abbrev  0x00000000       0xa3 clock.o
 .debug_aranges
                0x00000000       0x20 clock.o
 .debug_rnglists
                0x00000000       0x14 clock.o
 .debug_macro   0x00000000       0x7d clock.o
 .debug_macro   0x00000000      0xac6 clock.o
 .debug_macro   0x00000000       0x2e clock.o
 .debug_macro   0x00000000       0x22 clock.o
 .debug_macro   0x00000000      0x34e clock.o
 .debug_macro   0x00000000       0x1c clock.o
 .debug_macro   0x00000000       0x22 clock.o
 .debug_macro   0x00000000       0xbd clock.o
 .debug_macro   0x00000000      0xd23 clock.o
 .debug_macro   0x00000000     0xe09e clock.o
 .debug_macro   0x00000000       0x6d clock.o
 .debug_line    0x00000000      0x22a clock.o
 .debug_str     0x00000000    0x54266 clock.o
 .comment       0x00000000       0x27 clock.o
 .debug_frame   0x00000000       0x30 clock.o
 .ARM.attributes
                0x00000000       0x2d clock.o
 .text          0x00000000        0x0 startup.o
 .data          0x00000000        0x0 startup.o
 .bss           0x00000000        0x0 startup.o

Memory Configuration

Name             Origin             Length             Attributes
FLASH            0x08000000         0x00010000         xr
RAM              0x20000000         0x00005000         xrw
*default*        0x00000000         0xffffffff

Linker script and memory map

LOAD main.o
LOAD pwm.o
LOAD clock.o
LOAD startup.o
                0x20005000                        _estack = (ORIGIN (RAM) + LENGTH (RAM))

.isr_vector     0x08000000       0xec
                0x08000000                        . = ALIGN (0x4)
 *(.isr_vector)
 .isr_vector    0x08000000       0xec startup.o
                0x080000ec                        . = ALIGN (0x4)

.text           0x080000ec      0x258
                0x080000ec                        . = ALIGN (0x4)
 *(.text)
 *(.text*)
 .text.main     0x080000ec        0xc main.o
                0x080000ec                main
 .text.PWM_TIM2_Init
                0x080000f8      0x208 pwm.o
                0x080000f8                PWM_TIM2_Init
 .text.Reset_Handler
                0x08000300       0x40 startup.o
                0x08000300                Reset_Handler
 .text.Default_Handler
                0x08000340        0x4 startup.o
                0x08000340                EXTI2_IRQHandler
                0x08000340                DebugMon_Handler
                0x08000340                TIM1_CC_IRQHandler
                0x08000340                HardFault_Handler
                0x08000340                SysTick_Handler
                0x08000340                PVD_IRQHandler
                0x08000340                PendSV_Handler
                0x08000340                NMI_Handler
                0x08000340                EXTI3_IRQHandler
                0x08000340                EXTI0_IRQHandler
                0x08000340                I2C2_EV_IRQHandler
                0x08000340                UsageFault_Handler
                0x08000340                ADC1_2_IRQHandler
                0x08000340                SPI1_IRQHandler
                0x08000340                TAMPER_IRQHandler
                0x08000340                DMA1_Channel4_IRQHandler
                0x08000340                USART3_IRQHandler
                0x08000340                RTC_IRQHandler
                0x08000340                DMA1_Channel7_IRQHandler
                0x08000340                CAN1_RX1_IRQHandler
                0x08000340                TIM4_IRQHandler
                0x08000340                I2C1_EV_IRQHandler
                0x08000340                DMA1_Channel6_IRQHandler
                0x08000340                TIM3_IRQHandler
                0x08000340                RCC_IRQHandler
                0x08000340                TIM1_TRG_COM_IRQHandler
                0x08000340                DMA1_Channel1_IRQHandler
                0x08000340                Default_Handler
                0x08000340                EXTI15_10_IRQHandler
                0x08000340                EXTI9_5_IRQHandler
                0x08000340                SPI2_IRQHandler
                0x08000340                MemManage_Handler
                0x08000340                SVC_Handler
                0x08000340                DMA1_Channel5_IRQHandler
                0x08000340                EXTI4_IRQHandler
                0x08000340                USB_LP_CAN1_RX0_IRQHandler
                0x08000340                USB_HP_CAN1_TX_IRQHandler
                0x08000340                DMA1_Channel3_IRQHandler
                0x08000340                TIM1_UP_IRQHandler
                0x08000340                WWDG_IRQHandler
                0x08000340                TIM2_IRQHandler
                0x08000340                TIM1_BRK_IRQHandler
                0x08000340                EXTI1_IRQHandler
                0x08000340                RTCAlarm_IRQHandler
                0x08000340                USART2_IRQHandler
                0x08000340                I2C2_ER_IRQHandler
                0x08000340                DMA1_Channel2_IRQHandler
                0x08000340                CAN1_SCE_IRQHandler
                0x08000340                FLASH_IRQHandler
                0x08000340                BusFault_Handler
                0x08000340                USART1_IRQHandler
                0x08000340                I2C1_ER_IRQHandler
                0x08000340                USBWakeUp_IRQHandler
 *(.rodata)
 *(.rodata*)
                0x08000344                        . = ALIGN (0x4)
                0x08000344                        _etext = .
                0x08000344                        _sidata = LOADADDR (.data)

.glue_7         0x08000344        0x0
 .glue_7        0x08000344        0x0 linker stubs

.glue_7t        0x08000344        0x0
 .glue_7t       0x08000344        0x0 linker stubs

.vfp11_veneer   0x08000344        0x0
 .vfp11_veneer  0x08000344        0x0 linker stubs

.v4_bx          0x08000344        0x0
 .v4_bx         0x08000344        0x0 linker stubs

.iplt           0x08000344        0x0
 .iplt          0x08000344        0x0 main.o

.rel.dyn        0x08000344        0x0
 .rel.iplt      0x08000344        0x0 main.o

.data           0x20000000        0x0 load address 0x08000344
                0x20000000                        . = ALIGN (0x4)
                0x20000000                        _sdata = .
 *(.data)
 *(.data*)
                0x20000000                        . = ALIGN (0x4)
                0x20000000                        _edata = .

.igot.plt       0x20000000        0x0 load address 0x08000344
 .igot.plt      0x20000000        0x0 main.o

.bss            0x20000000        0x0 load address 0x08000344
                0x20000000                        . = ALIGN (0x4)
                0x20000000                        _sbss = .
 *(.bss)
 *(.bss*)
 *(COMMON)
                0x20000000                        . = ALIGN (0x4)
                0x20000000                        _ebss = .
OUTPUT(bai4_week2.elf elf32-littlearm)
LOAD linker stubs

.debug_info     0x00000000      0x327
 .debug_info    0x00000000       0x8f main.o
 .debug_info    0x0000008f      0x298 pwm.o

.debug_abbrev   0x00000000       0xfc
 .debug_abbrev  0x00000000       0x5a main.o
 .debug_abbrev  0x0000005a       0xa2 pwm.o

.debug_aranges  0x00000000       0x40
 .debug_aranges
                0x00000000       0x20 main.o
 .debug_aranges
                0x00000020       0x20 pwm.o

.debug_rnglists
                0x00000000       0x27
 .debug_rnglists
                0x00000000       0x13 main.o
 .debug_rnglists
                0x00000013       0x14 pwm.o

.debug_macro    0x00000000     0xfe91
 .debug_macro   0x00000000       0x87 main.o
 .debug_macro   0x00000087      0xac6 main.o
 .debug_macro   0x00000b4d       0x2e main.o
 .debug_macro   0x00000b7b       0x22 main.o
 .debug_macro   0x00000b9d      0x34e main.o
 .debug_macro   0x00000eeb       0x1c main.o
 .debug_macro   0x00000f07       0x22 main.o
 .debug_macro   0x00000f29       0xbd main.o
 .debug_macro   0x00000fe6      0xd23 main.o
 .debug_macro   0x00001d09     0xe09e main.o
 .debug_macro   0x0000fda7       0x6d main.o
 .debug_macro   0x0000fe14       0x7d pwm.o

.debug_line     0x00000000      0x3bd
 .debug_line    0x00000000      0x18c main.o
 .debug_line    0x0000018c      0x231 pwm.o

.debug_str      0x00000000    0x5406e
 .debug_str     0x00000000    0x5406e main.o
                              0x541e5 (size before relaxing)
 .debug_str     0x0005406e        0x0 pwm.o
                              0x5427a (size before relaxing)

.comment        0x00000000       0x26
 .comment       0x00000000       0x26 main.o
                                 0x27 (size before relaxing)
 .comment       0x00000026        0x0 pwm.o
                                 0x27 (size before relaxing)

.ARM.attributes
                0x00000000       0x2b
 .ARM.attributes
                0x00000000       0x2d main.o
 .ARM.attributes
                0x0000002d       0x2d pwm.o
 .ARM.attributes
                0x0000005a       0x21 startup.o

.debug_frame    0x00000000       0x5c
 .debug_frame   0x00000000       0x2c main.o
 .debug_frame   0x0000002c       0x30 pwm.o
